// Jest Snapshot v1, https://goo.gl/fbAQLP

exports[`main render without bug 1`] = `
<main>
  <h1>
    REACT AVANÃ‡ADO
  </h1>
</main>
`;
